# --- HEADER OUTPUT --- 
# DATE OF ANALYSIS: 2026/09/29 14:31:01

# --- SECTION PROPS ---
#      SEC,          A,       Asy,       Asz,         J,        Iy,        Iz,        Wy,        Wz,        iy,        iz
#                 (mm2)      (mm2)      (mm2)      (mm4)      (mm4)      (mm4)      (mm3)      (mm3)       (mm)       (mm)
SPRP,     0, 1.382e+04, 7.200e+03, 6.624e+03, 2.867e+08, 1.914e+08, 1.914e+08, 1.276e+06, 6.667e+09, 1.177e+02, 1.177e+02
SPRP,     1, 8.192e+03, 5.200e+03, 2.992e+03, 3.568e+05, 2.296e+08, 1.735e+07, 1.148e+06, 1.735e+05, 1.674e+02, 4.602e+01

# --- NODAL DISPLACEMENT ---
#        LC,  NODE,         X,         Y,         Z,   Theta X,   Theta Y,   Theta Z
#                          (m)        (m)        (m)      (rad)      (rad)      (rad)
NDSP,     0,     0, 0.000e+00, 0.000e+00, 0.000e+00, 0.000e+00, 0.000e+00, 0.000e+00
NDSP,     0,     1, 0.000e+00, 0.000e+00, 0.000e+00, 0.000e+00, 0.000e+00, 0.000e+00
NDSP,     0,     2, 0.000e+00, 0.000e+00, 0.000e+00, 0.000e+00, 0.000e+00, 0.000e+00
NDSP,     0,     3, 0.000e+00, 0.000e+00, 0.000e+00, 0.000e+00, 0.000e+00, 0.000e+00
NDSP,     0,     4, 1.090e-02, 3.979e-19, 3.845e-05,-5.600e-20, 1.864e-03,-1.729e-18
NDSP,     0,     5, 1.090e-02, 3.981e-19, 3.845e-05,-5.679e-20, 1.864e-03,-1.687e-18
NDSP,     0,     6, 1.090e-02,-3.915e-19,-3.845e-05, 5.426e-20, 1.864e-03,-2.107e-18
NDSP,     0,     7, 1.090e-02,-3.911e-19,-3.845e-05, 5.494e-20, 1.864e-03,-1.955e-18

# --- REACTION FORCE ---
#        LC,  NODE,        TX,        TY,        TZ,        RX,        RY,        RZ
#                         (kN)       (kN)       (kN)      (kNm)      (kNm)      (kNm)
REAC,     0,     0,-5.000e+01,-1.987e-15,-2.724e+01, 4.523e-15,-1.183e+02, 9.791e-15
REAC,     0,     1,-5.000e+01,-1.977e-15,-2.724e+01, 4.512e-15,-1.183e+02, 9.551e-15
REAC,     0,     2,-5.000e+01, 1.993e-15, 2.724e+01,-4.518e-15,-1.183e+02, 1.193e-14
REAC,     0,     3,-5.000e+01, 1.980e-15, 2.724e+01,-4.500e-15,-1.183e+02, 1.107e-14

# --- ELEMENT FORCE ---
#        LC,  ELEM,        Ni,       Qyi,       Qzi,       Mxi,       Myi,       Mzi         Nj,       Qyj,       Qzj,       Mxj,       Myj,       Mzj,       Myc,       Mzc
#                         (kN)       (kN)       (kN)      (kNm)      (kNm)      (kNm)       (kN)       (kN)       (kN)      (kNm)      (kNm)      (kNm)      (kNm)      (kNm)
EFRC,     0,     0, 2.724e+01, 0.000e+00, 5.000e+01, 0.000e+00,-1.183e+02, 0.000e+00, 2.724e+01, 0.000e+00, 5.000e+01, 0.000e+00, 8.171e+01, 0.000e+00,-1.829e+01, 0.000e+00
EFRC,     0,     1, 2.724e+01, 0.000e+00, 5.000e+01, 0.000e+00,-1.183e+02, 0.000e+00, 2.724e+01, 0.000e+00, 5.000e+01, 0.000e+00, 8.171e+01, 0.000e+00,-1.829e+01, 0.000e+00
EFRC,     0,     2,-2.724e+01, 0.000e+00, 5.000e+01, 0.000e+00,-1.183e+02, 0.000e+00,-2.724e+01, 0.000e+00, 5.000e+01, 0.000e+00, 8.171e+01, 0.000e+00,-1.829e+01, 0.000e+00
EFRC,     0,     3,-2.724e+01, 0.000e+00, 5.000e+01, 0.000e+00,-1.183e+02, 0.000e+00,-2.724e+01, 0.000e+00, 5.000e+01, 0.000e+00, 8.171e+01, 0.000e+00,-1.829e+01, 0.000e+00
EFRC,     0,     4, 0.000e+00, 0.000e+00,-2.724e+01, 0.000e+00, 8.171e+01, 0.000e+00, 0.000e+00, 0.000e+00,-2.724e+01, 0.000e+00,-8.171e+01, 0.000e+00, 0.000e+00, 0.000e+00
EFRC,     0,     5, 4.657e-13, 0.000e+00,-2.724e+01, 0.000e+00, 8.171e+01, 0.000e+00, 4.657e-13, 0.000e+00,-2.724e+01, 0.000e+00,-8.171e+01, 0.000e+00, 0.000e+00, 0.000e+00
EFRC,     0,     6, 0.000e+00, 0.000e+00, 0.000e+00, 0.000e+00, 0.000e+00, 0.000e+00, 0.000e+00, 0.000e+00, 0.000e+00, 0.000e+00, 0.000e+00, 0.000e+00, 0.000e+00, 0.000e+00
EFRC,     0,     7, 0.000e+00, 0.000e+00, 0.000e+00, 0.000e+00, 0.000e+00, 0.000e+00, 0.000e+00, 0.000e+00, 0.000e+00, 0.000e+00, 0.000e+00, 0.000e+00, 0.000e+00, 0.000e+00

